[42m                   TEST 05-file PASSING                [0m
[42m                   TEST 06-ping-echo-write-read-file PASSING                [0m
[42m                   TEST 07-write-write-write PASSING                [0m
[42m                   TEST 08-stats PASSING                [0m
