Please provide the number of threads to use
Test 9 and 10 enabled
